Microsoft (R) Build Engine バージョン 12.0.21005.1
[Microsoft .NET Framework、バージョン 4.0.30319.18444]
Copyright (C) Microsoft Corporation. All rights reserved.

2014/09/22 5:36:35 にビルドを開始しました。
     1>ノード 1 上のプロジェクト "C:\Users\brn\github\npm-modules\yatsc\test.sln" (既定のターゲット)。
     1>ValidateSolutionConfiguration:
         ソリューション構成 "Debug|Win32" をビルドしています。
     1>プロジェクト "C:\Users\brn\github\npm-modules\yatsc\test.sln" (1) は、ノード 5 上に "C:\Users\brn\github\npm-modules\yatsc\intrusive_rb_tree_test.vcxproj" (3) をビルドしています (既定のターゲット)。
     3>InitializeBuildStatus:
         "AlwaysCreate" が指定されたため "Debug\obj\intrusive_rb_tree_test\intrusiv.0B279640.tlog\unsuccessfulbuild" を作成しています。
       ClCompile:
         C:\Program Files (x86)\Microsoft Visual Studio 12.0\VC\bin\CL.exe /c /Igperftools\src /Igperftools\src\windows /Ilib /I\usr\local\include /Zi /nologo /W3 /WX- /Od /Oy- /D WIN32 /D _CRT_SECURE_NO_DEPRECATE /D _CRT_NONSTDC_NO_DEPRECATE /D PLATFORM_WIN /D NOMINMAX /D GTEST_HAS_RTTI=0 /D UNIT_TEST=1 /D DEBUG /D _DEBUG /GF /Gm /EHsc /RTC1 /MDd /GS /fp:precise /Zc:wchar_t /Zc:forScope /Fo"Debug\obj\intrusive_rb_tree_test\\" /Fd"Debug\obj\intrusive_rb_tree_test\vc120.pdb" /Gd /TP /analyze- /errorReport:queue "test\utils\intrusive-rb-tree-test.cc"
     1>プロジェクト "C:\Users\brn\github\npm-modules\yatsc\test.sln" (1) は、ノード 2 上に "C:\Users\brn\github\npm-modules\yatsc\chunk_header_test.vcxproj" (4) をビルドしています (既定のターゲット)。
     4>InitializeBuildStatus:
         "AlwaysCreate" が指定されたため "Debug\obj\chunk_header_test\chunk_he.13EC5192.tlog\unsuccessfulbuild" を作成しています。
     1>プロジェクト "C:\Users\brn\github\npm-modules\yatsc\test.sln" (1) は、ノード 6 上に "C:\Users\brn\github\npm-modules\yatsc\node_test.vcxproj" (5) をビルドしています (既定のターゲット)。
     5>InitializeBuildStatus:
         "AlwaysCreate" が指定されたため "Debug\obj\node_test\node_test.tlog\unsuccessfulbuild" を作成しています。
     4>ClCompile:
         すべての出力が最新のものです。
     5>ClCompile:
         すべての出力が最新のものです。
     4>Link:
         すべての出力が最新のものです。
         chunk_header_test.vcxproj -> C:\Users\brn\github\npm-modules\yatsc\Debug\\ChunkHeaderTest.exe
     1>プロジェクト "C:\Users\brn\github\npm-modules\yatsc\test.sln" (1) は、ノード 3 上に "C:\Users\brn\github\npm-modules\yatsc\declaration_parse_test.vcxproj" (7) をビルドしています (既定のターゲット)。
     7>InitializeBuildStatus:
         "AlwaysCreate" が指定されたため "Debug\obj\declaration_parse_test\declarat.30FF2166.tlog\unsuccessfulbuild" を作成しています。
     4>FinalizeBuildStatus:
         ファイル "Debug\obj\chunk_header_test\chunk_he.13EC5192.tlog\unsuccessfulbuild" を削除しています。
         "Debug\obj\chunk_header_test\chunk_he.13EC5192.tlog\chunk_header_test.lastbuildstate" のタッチ タスクを実行しています。
     4>プロジェクト "C:\Users\brn\github\npm-modules\yatsc\chunk_header_test.vcxproj" (既定のターゲット) のビルドが完了しました。
     1>プロジェクト "C:\Users\brn\github\npm-modules\yatsc\test.sln" (1) は、ノード 10 上に "C:\Users\brn\github\npm-modules\yatsc\statement_parse_test.vcxproj" (9) をビルドしています (既定のターゲット)。
     9>InitializeBuildStatus:
         "AlwaysCreate" が指定されたため "Debug\obj\statement_parse_test\statemen.E5200C0B.tlog\unsuccessfulbuild" を作成しています。
     1>プロジェクト "C:\Users\brn\github\npm-modules\yatsc\test.sln" (1) は、ノード 11 上に "C:\Users\brn\github\npm-modules\yatsc\unicode_iterator_adapter_test.vcxproj" (8) をビルドしています (既定のターゲット)。
     8>InitializeBuildStatus:
         "AlwaysCreate" が指定されたため "Debug\obj\unicode_iterator_adapter_test\unicode_.CF62B377.tlog\unsuccessfulbuild" を作成しています。
     1>プロジェクト "C:\Users\brn\github\npm-modules\yatsc\test.sln" (1) は、ノード 4 上に "C:\Users\brn\github\npm-modules\yatsc\expression_parse_test.vcxproj" (6) をビルドしています (既定のターゲット)。
     6>InitializeBuildStatus:
         "AlwaysCreate" が指定されたため "Debug\obj\expression_parse_test\expressi.06B653A8.tlog\unsuccessfulbuild" を作成しています。
       ClCompile:
         すべての出力が最新のものです。
     5>Link:
         すべての出力が最新のものです。
         node_test.vcxproj -> C:\Users\brn\github\npm-modules\yatsc\Debug\\NodeTest.exe
       FinalizeBuildStatus:
         ファイル "Debug\obj\node_test\node_test.tlog\unsuccessfulbuild" を削除しています。
         "Debug\obj\node_test\node_test.tlog\node_test.lastbuildstate" のタッチ タスクを実行しています。
     5>プロジェクト "C:\Users\brn\github\npm-modules\yatsc\node_test.vcxproj" (既定のターゲット) のビルドが完了しました。
     6>Link:
         すべての出力が最新のものです。
     9>ClCompile:
         すべての出力が最新のものです。
     7>ClCompile:
         すべての出力が最新のものです。
     6>Link:
         expression_parse_test.vcxproj -> C:\Users\brn\github\npm-modules\yatsc\Debug\\ExpressionParseTest.exe
       FinalizeBuildStatus:
         ファイル "Debug\obj\expression_parse_test\expressi.06B653A8.tlog\unsuccessfulbuild" を削除しています。
         "Debug\obj\expression_parse_test\expressi.06B653A8.tlog\expression_parse_test.lastbuildstate" のタッチ タスクを実行しています。
     8>ClCompile:
         すべての出力が最新のものです。
     6>プロジェクト "C:\Users\brn\github\npm-modules\yatsc\expression_parse_test.vcxproj" (既定のターゲット) のビルドが完了しました。
     9>Link:
         すべての出力が最新のものです。
         statement_parse_test.vcxproj -> C:\Users\brn\github\npm-modules\yatsc\Debug\\StatementParseTest.exe
     1>プロジェクト "C:\Users\brn\github\npm-modules\yatsc\test.sln" (1) は、ノード 8 上に "C:\Users\brn\github\npm-modules\yatsc\scanner_test.vcxproj" (10) をビルドしています (既定のターゲット)。
    10>InitializeBuildStatus:
         "AlwaysCreate" が指定されたため "Debug\obj\scanner_test\scanner_test.tlog\unsuccessfulbuild" を作成しています。
     7>Link:
         すべての出力が最新のものです。
         declaration_parse_test.vcxproj -> C:\Users\brn\github\npm-modules\yatsc\Debug\\DeclarationParseTest.exe
     8>Link:
         すべての出力が最新のものです。
         unicode_iterator_adapter_test.vcxproj -> C:\Users\brn\github\npm-modules\yatsc\Debug\\UnicodeIteratorAdapterTest.exe
     9>FinalizeBuildStatus:
         ファイル "Debug\obj\statement_parse_test\statemen.E5200C0B.tlog\unsuccessfulbuild" を削除しています。
         "Debug\obj\statement_parse_test\statemen.E5200C0B.tlog\statement_parse_test.lastbuildstate" のタッチ タスクを実行しています。
     9>プロジェクト "C:\Users\brn\github\npm-modules\yatsc\statement_parse_test.vcxproj" (既定のターゲット) のビルドが完了しました。
     7>FinalizeBuildStatus:
         ファイル "Debug\obj\declaration_parse_test\declarat.30FF2166.tlog\unsuccessfulbuild" を削除しています。
         "Debug\obj\declaration_parse_test\declarat.30FF2166.tlog\declaration_parse_test.lastbuildstate" のタッチ タスクを実行しています。
     7>プロジェクト "C:\Users\brn\github\npm-modules\yatsc\declaration_parse_test.vcxproj" (既定のターゲット) のビルドが完了しました。
     8>FinalizeBuildStatus:
         ファイル "Debug\obj\unicode_iterator_adapter_test\unicode_.CF62B377.tlog\unsuccessfulbuild" を削除しています。
         "Debug\obj\unicode_iterator_adapter_test\unicode_.CF62B377.tlog\unicode_iterator_adapter_test.lastbuildstate" のタッチ タスクを実行しています。
     8>プロジェクト "C:\Users\brn\github\npm-modules\yatsc\unicode_iterator_adapter_test.vcxproj" (既定のターゲット) のビルドが完了しました。
    10>ClCompile:
         すべての出力が最新のものです。
     1>プロジェクト "C:\Users\brn\github\npm-modules\yatsc\test.sln" (1) は、ノード 9 上に "C:\Users\brn\github\npm-modules\yatsc\sourcestream_test.vcxproj" (11) をビルドしています (既定のターゲット)。
    11>InitializeBuildStatus:
         "AlwaysCreate" が指定されたため "Debug\obj\sourcestream_test\sourcest.945E3221.tlog\unsuccessfulbuild" を作成しています。
       ClCompile:
         すべての出力が最新のものです。
     1>プロジェクト "C:\Users\brn\github\npm-modules\yatsc\test.sln" (1) は、ノード 1 上に "C:\Users\brn\github\npm-modules\yatsc\aligned_heap_allocator_test.vcxproj" (2) をビルドしています (既定のターゲット)。
     2>InitializeBuildStatus:
         "AlwaysCreate" が指定されたため "Debug\obj\aligned_heap_allocator_test\aligned_.9C12C085.tlog\unsuccessfulbuild" を作成しています。
    10>Link:
         すべての出力が最新のものです。
         scanner_test.vcxproj -> C:\Users\brn\github\npm-modules\yatsc\Debug\\ScannerTest.exe
       FinalizeBuildStatus:
         ファイル "Debug\obj\scanner_test\scanner_test.tlog\unsuccessfulbuild" を削除しています。
         "Debug\obj\scanner_test\scanner_test.tlog\scanner_test.lastbuildstate" のタッチ タスクを実行しています。
    10>プロジェクト "C:\Users\brn\github\npm-modules\yatsc\scanner_test.vcxproj" (既定のターゲット) のビルドが完了しました。
    11>Link:
         すべての出力が最新のものです。
         sourcestream_test.vcxproj -> C:\Users\brn\github\npm-modules\yatsc\Debug\\SourceStreamTest.exe
     3>ClCompile:
         intrusive-rb-tree-test.cc
    11>FinalizeBuildStatus:
         ファイル "Debug\obj\sourcestream_test\sourcest.945E3221.tlog\unsuccessfulbuild" を削除しています。
         "Debug\obj\sourcestream_test\sourcest.945E3221.tlog\sourcestream_test.lastbuildstate" のタッチ タスクを実行しています。
    11>プロジェクト "C:\Users\brn\github\npm-modules\yatsc\sourcestream_test.vcxproj" (既定のターゲット) のビルドが完了しました。
     2>ClCompile:
         すべての出力が最新のものです。
     1>プロジェクト "C:\Users\brn\github\npm-modules\yatsc\test.sln" (1) は、ノード 7 上に "C:\Users\brn\github\npm-modules\yatsc\regions_test.vcxproj" (12) をビルドしています (既定のターゲット)。
    12>InitializeBuildStatus:
         "AlwaysCreate" が指定されたため "Debug\obj\regions_test\regions_test.tlog\unsuccessfulbuild" を作成しています。
     2>Link:
         すべての出力が最新のものです。
         aligned_heap_allocator_test.vcxproj -> C:\Users\brn\github\npm-modules\yatsc\Debug\\AlignedHeapAllocatorTest.exe
       FinalizeBuildStatus:
         ファイル "Debug\obj\aligned_heap_allocator_test\aligned_.9C12C085.tlog\unsuccessfulbuild" を削除しています。
         "Debug\obj\aligned_heap_allocator_test\aligned_.9C12C085.tlog\aligned_heap_allocator_test.lastbuildstate" のタッチ タスクを実行しています。
     2>プロジェクト "C:\Users\brn\github\npm-modules\yatsc\aligned_heap_allocator_test.vcxproj" (既定のターゲット) のビルドが完了しました。
    12>ClCompile:
         すべての出力が最新のものです。
       Link:
         すべての出力が最新のものです。
         regions_test.vcxproj -> C:\Users\brn\github\npm-modules\yatsc\Debug\\RegionsTest.exe
       FinalizeBuildStatus:
         ファイル "Debug\obj\regions_test\regions_test.tlog\unsuccessfulbuild" を削除しています。
         "Debug\obj\regions_test\regions_test.tlog\regions_test.lastbuildstate" のタッチ タスクを実行しています。
    12>プロジェクト "C:\Users\brn\github\npm-modules\yatsc\regions_test.vcxproj" (既定のターゲット) のビルドが完了しました。
     3>Link:
         C:\Program Files (x86)\Microsoft Visual Studio 12.0\VC\bin\link.exe /ERRORREPORT:QUEUE /OUT:"C:\Users\brn\github\npm-modules\yatsc\Debug\IntrusiveRBTreeTest.exe" /INCREMENTAL /NOLOGO /MANIFEST /MANIFESTUAC:"level='asInvoker' uiAccess='false'" /manifest:embed /DEBUG /PDB:"C:\Users\brn\github\npm-modules\yatsc\Debug\IntrusiveRBTreeTest.pdb" /SUBSYSTEM:CONSOLE /TLBID:1 /DYNAMICBASE /NXCOMPAT /IMPLIB:"C:\Users\brn\github\npm-modules\yatsc\Debug\IntrusiveRBTreeTest.lib" /MACHINE:X86 /SAFESEH "Debug\obj\intrusive_rb_tree_test\intrusive-rb-tree-test.obj"
         Debug\obj\intrusive_rb_tree_test\os.obj
         "Debug\obj\intrusive_rb_tree_test\gtest-all.obj"
         "Debug\obj\intrusive_rb_tree_test\test-main.obj"
         intrusive_rb_tree_test.vcxproj -> C:\Users\brn\github\npm-modules\yatsc\Debug\\IntrusiveRBTreeTest.exe
       FinalizeBuildStatus:
         ファイル "Debug\obj\intrusive_rb_tree_test\intrusiv.0B279640.tlog\unsuccessfulbuild" を削除しています。
         "Debug\obj\intrusive_rb_tree_test\intrusiv.0B279640.tlog\intrusive_rb_tree_test.lastbuildstate" のタッチ タスクを実行しています。
     3>プロジェクト "C:\Users\brn\github\npm-modules\yatsc\intrusive_rb_tree_test.vcxproj" (既定のターゲット) のビルドが完了しました。
     1>プロジェクト "C:\Users\brn\github\npm-modules\yatsc\test.sln" (既定のターゲット) のビルドが完了しました。

ビルドに成功しました。
    0 個の警告
    0 エラー

経過時間 00:00:01.51
[==========] Running 1 test from 1 test case.
[----------] Global test environment set-up.
[----------] 1 test from IntrusiveRBTreeTest
[ RUN      ] IntrusiveRBTreeTest.insert
AFTER
                                        /R:999
                                    /B:997
                                /R:996
                                    \B:994
                                        \R:993
                            /B:992
                                    /R:990
                                \B:986
                        /B:984
                                    /B:982
                                /R:981
                                    \B:979
                            \B:978
                                    /R:977
                                \B:975
                    /R:974
                                    /R:973
                                /B:970
                            /B:969
                                \B:966
                        \B:965
                                    /R:962
                                /B:959
                            \B:958
                                    /R:957
                                \B:956
                /B:955
                                /B:952
                                    \R:951
                            /R:946
                                \B:945
                                    \R:944
                        /B:943
                            \B:941
                    \B:940
                                /B:939
                            /R:938
                                \B:937
                        \B:936
                            \B:935
                                \R:933
            /R:932
                            /B:929
                        /B:928
                            \B:925
                    /B:924
                                /B:922
                            /R:921
                                \B:920
                        \B:919
                            \B:914
                \B:913
                                    /R:912
                                /B:910
                            /R:908
                                \B:907
                        /B:906
                                /R:905
                            \B:904
                    \B:903
                                /R:900
                            /B:898
                        \B:895
                                /B:892
                                    \R:891
                            \R:890
                                \B:888
                                    \R:887
        /B:886
                                /B:885
                            /B:882
                                    /B:881
                                        \R:880
                                \R:879
                                    \B:878
                        /B:876
                                /B:875
                                    \R:872
                            \B:870
                                \B:869
                    /R:868
                                /B:867
                            /B:864
                                \B:863
                                    \R:862
                        \B:860
                                    /R:859
                                /B:855
                                    \R:854
                            \B:851
                                \B:850
                                    \R:849
                /B:847
                                    /R:846
                                /B:844
                            /B:843
                                \B:842
                        /R:841
                                    /B:839
                                /R:838
                                    \B:835
                            \B:834
                                \B:833
                    \B:832
                                /B:831
                            /R:828
                                \B:827
                        \B:826
                                /R:825
                            \B:823
                                \R:822
            \R:817
                                /B:816
                            /B:814
                                \B:813
                        /R:812
                                /B:811
                            \B:810
                                        /R:809
                                    /B:807
                                        \R:806
                                \R:804
                                        /R:803
                                    \B:802
                    /B:801
                                /B:797
                                    \R:796
                            /R:795
                                    /R:793
                                \B:792
                                    \R:790
                        \B:789
                                /B:786
                            \R:785
                                \B:784
                                    \R:782
                \B:780
                                /R:778
                            /B:776
                        /B:775
                            \B:773
                                \R:771
                    \B:770
                                /B:769
                                    \R:768
                            /B:767
                                        /R:766
                                    /B:764
                                \R:763
                                    \B:761
                        \R:759
                                    /B:756
                                /R:755
                                    \B:754
                            \B:753
                                    /B:751
                                \R:750
                                        /R:749
                                    \B:748
                                        \R:747
    /B:746
                                    /B:745
                                /R:743
                                    \B:742
                            /B:741
                                    /B:740
                                \R:739
                                    \B:737
                        /R:735
                                /B:734
                            \B:733
                                    /R:732
                                \B:728
                    /B:726
                                    /R:725
                                /B:724
                            /R:723
                                \B:722
                        \B:720
                                /R:719
                            \B:717
                /R:712
                                /B:710
                            /R:709
                                \B:704
                        /B:702
                                /R:701
                            \B:700
                    \B:699
                            /B:698
                        \B:697
                                /B:694
                            \R:692
                                \B:690
            /B:689
                                /R:688
                            /B:685
                        /R:684
                            \B:683
                    /B:682
                        \B:681
                \B:678
                        /B:677
                            \R:676
                    \B:675
                                /R:673
                            /B:672
                        \R:670
                            \B:668
                                \R:666
        \B:664
                            /B:661
                        /B:660
                                /R:659
                            \B:656
                    /B:655
                            /B:654
                        \B:653
                                    /R:652
                                /B:651
                            \R:649
                                \B:648
                /R:646
                                /B:645
                            /R:644
                                \B:643
                        /B:642
                            \B:640
                                \R:639
                    \B:638
                                /R:634
                            /B:632
                        \B:631
                                    /R:630
                                /B:629
                            \R:628
                                \B:625
            \B:624
                            /B:622
                                \R:621
                        /R:620
                            \B:619
                                \R:618
                    /B:617
                            /R:616
                        \B:614
                            \R:612
                \B:611
                            /B:610
                        /B:608
                                /R:606
                            \B:605
                                \R:604
                    \R:603
                            /B:602
                        \B:601
                                /R:598
                            \B:597
B:596
                                /B:595
                            /B:594
                                        /R:592
                                    /B:591
                                \R:590
                                    \B:589
                        /B:587
                                    /R:584
                                /B:583
                                    \R:582
                            \B:581
                                \B:580
                    /B:578
                                /B:577
                            /B:574
                                \B:573
                                    \R:572
                        \B:569
                                /B:567
                                    \R:565
                            \B:564
                                        /R:563
                                    /B:562
                                \R:561
                                    \B:560
                /R:559
                                    /R:558
                                /B:557
                                    \R:556
                            /B:552
                                    /B:551
                                \R:548
                                    \B:546
                        /B:544
                                    /R:542
                                /B:541
                                    \R:538
                            \B:537
                                \B:536
                                    \R:534
                    \B:533
                                                /R:532
                                            /B:531
                                        /R:528
                                            \B:525
                                    /B:524
                                            /B:523
                                        \R:520
                                                /R:519
                                            \B:517
                                /R:515
                                            /R:513
                                        /B:512
                                            \R:511
                                    \B:510
                                        \B:507
                            /B:503
                                        /B:502
                                    /R:500
                                            /R:499
                                        \B:498
                                \B:496
                                        /B:493
                                    \R:492
                                        \B:491
                        \R:487
                                        /R:485
                                    /B:484
                                /B:482
                                        /B:481
                                    \R:478
                                        \B:477
                            \B:476
                                        /R:475
                                    /B:474
                                \B:473
                                        /B:472
                                    \R:469
                                        \B:468
            /B:467
                            /B:466
                                \R:465
                        /B:464
                                    /R:462
                                /B:461
                            \R:460
                                    /R:459
                                \B:457
                    /B:453
                                    /R:452
                                /B:451
                                    \R:450
                            /R:449
                                \B:447
                        \B:445
                            \B:442
                \B:441
                            /B:439
                                \R:438
                        /B:437
                            \B:436
                    \B:433
                                /B:432
                            /B:429
                                    /B:428
                                \R:426
                                    \B:424
                        \R:420
                                /B:419
                            \B:418
                                    /B:417
                                \R:415
                                    \B:414
        /R:412
                                    /B:411
                                /B:409
                                        /B:408
                                    \R:407
                                        \B:405
                            /R:404
                                    /B:403
                                \B:399
                                    \B:398
                                        \R:395
                        /B:392
                                    /B:391
                                /R:388
                                    \B:387
                            \B:383
                                \B:382
                    /R:380
                                    /B:379
                                /R:378
                                    \B:377
                            /B:376
                                \B:372
                        \B:371
                                /B:370
                            \B:369
                                \B:368
                /B:367
                                    /R:365
                                /B:363
                                    \R:362
                            /R:361
                                \B:359
                                    \R:358
                        /B:355
                                /R:353
                            \B:352
                    \B:351
                                /R:350
                            /B:349
                        \B:348
                            \B:347
            \B:346
                                /B:344
                                    \R:342
                            /B:340
                                \B:337
                        /R:336
                                /B:333
                            \B:330
                                \B:329
                    /B:325
                                    /B:322
                                        \R:321
                                /R:320
                                    \B:319
                            /B:318
                                \B:317
                        \R:314
                                    /B:313
                                /R:310
                                    \B:309
                            \B:308
                                \B:307
                \B:305
                                    /R:302
                                /B:300
                                    \R:299
                            /R:298
                                \B:297
                        /B:293
                                /B:291
                            \R:290
                                \B:289
                                    \R:288
                    \B:284
                                        /R:283
                                    /B:282
                                /R:281
                                        /R:280
                                    \B:279
                            /B:278
                                    /R:277
                                \B:275
                                    \R:274
                        \R:273
                                /B:272
                            \B:271
                                \B:270
    \B:268
                                /B:267
                                    \R:266
                            /B:265
                                \B:264
                        /B:263
                                /B:262
                                    \R:261
                            \B:260
                                    /B:257
                                \R:256
                                    \B:255
                    /R:254
                                /B:253
                            /B:252
                                \B:251
                                    \R:250
                        \B:249
                                    /B:248
                                        \R:245
                                /B:244
                                    \B:243
                            \R:242
                                    /B:240
                                \B:237
                                    \B:236
                                        \R:235
                /B:234
                                    /B:233
                                        \R:232
                                /B:230
                                    \B:229
                            /R:228
                                    /B:226
                                \B:224
                                        /B:220
                                    \R:218
                                        \B:217
                                            \R:212
                        /B:211
                                    /B:209
                                /B:208
                                        /B:207
                                    \R:205
                                        \B:204
                            \R:203
                                    /B:202
                                \B:200
                                            /R:198
                                        /B:197
                                    \R:196
                                        \B:195
                    \R:194
                                        /R:192
                                    /B:191
                                        \R:190
                                /B:189
                                    \B:187
                                        \R:186
                            /R:184
                                    /B:182
                                        \R:181
                                \B:180
                                    \B:174
                                        \R:173
                        \B:172
                                    /B:171
                                        \R:167
                                /R:166
                                        /R:165
                                    \B:164
                            \B:163
                                \B:162
            /B:160
                                    /R:158
                                /B:157
                            /B:156
                                \B:154
                        /R:153
                                /B:152
                            \B:150
                                        /R:149
                                    /B:147
                                \R:146
                                    \B:145
                                        \R:144
                    /B:143
                            /B:141
                        \B:140
                            \B:139
                                \R:138
                \B:136
                            /B:134
                        /B:133
                                /B:132
                            \R:130
                                    /R:128
                                \B:127
                    \B:126
                                /R:124
                            /B:123
                        \B:122
                            \B:121
        \R:119
                            /B:116
                        /B:115
                            \B:114
                    /B:111
                            /B:110
                                \R:109
                        \B:107
                                /B:105
                                    \R:103
                            \R:102
                                \B:101
                                    \R:100
                /B:99
                                    /R:97
                                /B:96
                            /R:95
                                \B:94
                        /B:93
                                /R:92
                            \B:90
                                \R:85
                    \B:81
                            /B:80
                        \B:76
                                    /R:75
                                /B:74
                            \R:72
                                \B:71
            \B:70
                                    /R:67
                                /B:64
                            /R:61
                                \B:60
                        /B:58
                                /R:57
                            \B:55
                                \R:54
                    /B:51
                                /B:50
                            /B:48
                                \B:46
                        \R:44
                                    /R:42
                                /B:41
                            \B:38
                                    /B:36
                                \R:35
                                    \B:34
                \B:31
                                /B:25
                            /R:23
                                \B:22
                                    \R:21
                        /B:19
                                /R:18
                            \B:17
                                \R:15
                    \B:14
                                /B:13
                                    \R:12
                            /B:11
                                \B:10
                        \R:6
                                /B:4
                            \B:3
                                    /R:2
                                \B:1

[       OK ] IntrusiveRBTreeTest.insert (65 ms)
[----------] 1 test from IntrusiveRBTreeTest (65 ms total)

[----------] Global test environment tear-down
[==========] 1 test from 1 test case ran. (65 ms total)
[  PASSED  ] 1 test.
[==========] Running 1 test from 1 test case.
[----------] Global test environment set-up.
[----------] 1 test from AlignedHeapAllocator
[ RUN      ] AlignedHeapAllocator.test
02F00000 03000000
02F00000 02F00018
[       OK ] AlignedHeapAllocator.test (0 ms)
[----------] 1 test from AlignedHeapAllocator (0 ms total)

[----------] Global test environment tear-down
[==========] 1 test from 1 test case ran. (0 ms total)
[  PASSED  ] 1 test.
[==========] Running 4 tests from 1 test case.
[----------] Global test environment set-up.
[----------] 4 tests from ChunkHeaderTest
[ RUN      ] ChunkHeaderTest.normal_allocation
[       OK ] ChunkHeaderTest.normal_allocation (231 ms)
[ RUN      ] ChunkHeaderTest.new_allocation
[       OK ] ChunkHeaderTest.new_allocation (327 ms)
[ RUN      ] ChunkHeaderTest.allocation_and_delete
[       OK ] ChunkHeaderTest.allocation_and_delete (415 ms)
[ RUN      ] ChunkHeaderTest.new_allocation_and_delete
[       OK ] ChunkHeaderTest.new_allocation_and_delete (479 ms)
[----------] 4 tests from ChunkHeaderTest (1452 ms total)

[----------] Global test environment tear-down
[==========] 4 tests from 1 test case ran. (1454 ms total)
[  PASSED  ] 4 tests.
[==========] Running 3 tests from 1 test case.
[----------] Global test environment set-up.
[----------] 3 tests from SourceStream
[ RUN      ] SourceStream.read_all_ok
